// Vitest Snapshot v1, https://vitest.dev/guide/snapshot.html

exports[`createOrg.vue > should be rendered properly 1`] = `
<containercondensed-stub
  class="weni-create-org"
  data-v-3a19699a=""
>
  <unnnicindicator
    class="weni-create-org__indicator"
    currentstep="1"
    data-v-3a19699a=""
    numberofsteps="3"
    titles="some specific text,some specific text,some specific text"
  />
  <div
    class="weni-create-org__section"
    data-v-3a19699a=""
  >
    <div
      class="title"
      data-v-3a19699a=""
    >
       some specific text 
    </div>
    <div
      data-v-3a19699a=""
    >
      <unnnicinput-stub
        class="weni-create-org__name-input"
        data-v-3a19699a=""
        label="some specific text"
        placeholder="some specific text"
      />
      <unnnicinput-stub
        data-v-3a19699a=""
        label="some specific text"
        placeholder="some specific text"
      />
    </div>
    <div
      class="weni-create-org__group weni-create-org__group__buttons"
      data-v-3a19699a=""
    >
      <unnnicbutton-stub
        data-v-3a19699a=""
        type="tertiary"
      >
         some specific text 
      </unnnicbutton-stub>
      <unnnicbutton-stub
        data-v-3a19699a=""
        disabled="true"
        type="secondary"
      >
         some specific text 
      </unnnicbutton-stub>
    </div>
  </div>
  <div
    class="weni-create-org__section"
    data-v-3a19699a=""
    style="display: none;"
  >
    <div
      class="title"
      data-v-3a19699a=""
    >
       some specific text 
    </div>
    <div
      class="subtitle"
      data-v-3a19699a=""
    >
      some specific text
    </div>
    <usermanagement-stub
      alreadyaddedtext="some specific text"
      cannotdeletemyuser="true"
      data-v-3a19699a=""
      donotfetch="true"
      offline="true"
      org="[object Object]"
      style="display: flex; flex-direction: column;"
      type="manage"
      users="[object Object]"
    />
    <div
      class="weni-create-org__group weni-create-org__group__buttons"
      data-v-3a19699a=""
    >
      <unnnicbutton-stub
        data-v-3a19699a=""
        type="tertiary"
      >
         some specific text 
      </unnnicbutton-stub>
      <unnnicbutton-stub
        data-v-3a19699a=""
        type="secondary"
      >
         some specific text 
      </unnnicbutton-stub>
    </div>
  </div>
  <div
    class="weni-create-org__section"
    data-v-3a19699a=""
    style="display: none;"
  >
    <div
      class="title"
      data-v-3a19699a=""
    >
       some specific text 
    </div>
    <div
      class="creating-project"
      data-v-3a19699a=""
    >
      <unnnicinputnext
        data-v-3a19699a=""
        label="some specific text"
        placeholder="some specific text"
      />
      <projectdescriptiontextarea-stub
        class="mt-sm"
        data-v-3a19699a=""
        infomaxwidth="21.125rem"
        value=""
      />
      <unnnicselectsmart
        data-v-3a19699a=""
        options="[object Object],[object Object]"
        value="[object Object]"
      />
      <projectformatcontrol-stub
        data-v-3a19699a=""
        setup="[object Object]"
      />
    </div>
    <div
      class="weni-create-org__group weni-create-org__group__buttons"
      data-v-3a19699a=""
    >
      <unnnicbutton-stub
        data-v-3a19699a=""
        type="tertiary"
      >
         some specific text 
      </unnnicbutton-stub>
      <unnnicbutton-stub
        data-v-3a19699a=""
        disabled="true"
        type="secondary"
      >
         some specific text 
      </unnnicbutton-stub>
    </div>
  </div>
  <div
    class="success-page"
    data-v-3a19699a=""
    style="display: none;"
  >
    <div
      class="title"
      data-v-3a19699a=""
    >
       some specific text ðŸ˜‰ 
    </div>
    <div
      class="buttons"
      data-v-3a19699a=""
    >
      <unnnicbutton-stub
        data-v-3a19699a=""
        type="tertiary"
      >
         some specific text 
      </unnnicbutton-stub>
      <unnnicbutton-stub
        data-v-3a19699a=""
        type="secondary"
      >
         some specific text 
      </unnnicbutton-stub>
    </div>
  </div>
</containercondensed-stub>
`;
