// Vitest Snapshot v1, https://vitest.dev/guide/snapshot.html

exports[`Modal.vue > renders a snapshot 1`] = `
VueWrapper {
  "_emitted": {},
  "_emittedByOrder": [],
  "isFunctionalComponent": undefined,
}
`;

exports[`Modal.vue renders a snapshot 1`] = `
<div class="modal">
  <div class="container"><span></span></div>
</div>
`;
