// Vitest Snapshot v1, https://vitest.dev/guide/snapshot.html

exports[`ProjectSelect.vue > renders a snapshot 1`] = `
<unnnicformelement
  class="unnnic-form-element"
  data-v-14b459b5=""
  fixedlabel=""
  label="some specific text"
  size="sm"
>
  <unnnicinput
    data-v-14b459b5=""
    disabled="disabled"
    iconright="arrow-button-down-1"
    size="sm"
    value="Teste proj"
  />
</unnnicformelement>
`;
