// Vitest Snapshot v1, https://vitest.dev/guide/snapshot.html

exports[`Sidebar.vue > renders a snapshot 1`] = `
<div
  class="sidebar-container"
  data-v-31a33fdf=""
>
  <!---->
  <div
    class="background"
    data-v-31a33fdf=""
    style="display: none;"
  />
</div>
`;
