// Jest Snapshot v1, https://goo.gl/fbAQLP

exports[`Indicator.vue renders a snapshot 1`] = `
<div class="weni-step-indicator">
  <div class="weni-step-indicator__step__wrapper">
    <!---->
    <div class="weni-step-indicator__step"><span class="weni-step-indicator__label">

      </span></div>
  </div>
</div>
`;
