// Vitest Snapshot v1, https://vitest.dev/guide/snapshot.html

exports[`notFound.vue > should be rendered properly 1`] = `
VueWrapper {
  "_emitted": {
    "hook:beforeCreate": [
      [],
    ],
    "hook:beforeMount": [
      [],
    ],
    "hook:created": [
      [],
    ],
    "hook:mounted": [
      [],
    ],
    "hook:renderTracked": [
      [],
      [],
      [],
    ],
  },
  "_emittedByOrder": [
    {
      "args": [],
      "name": "hook:beforeCreate",
    },
    {
      "args": [],
      "name": "hook:created",
    },
    {
      "args": [],
      "name": "hook:beforeMount",
    },
    {
      "args": [],
      "name": "hook:renderTracked",
    },
    {
      "args": [],
      "name": "hook:renderTracked",
    },
    {
      "args": [],
      "name": "hook:renderTracked",
    },
    {
      "args": [],
      "name": "hook:mounted",
    },
  ],
  "isFunctionalComponent": undefined,
}
`;

exports[`notFound.vue should be rendered properly 1`] = `
<div class="container not-found">
  <div class="content"><img src="@/assets/not-found.svg" width="100%">
    <div class="title">some specific text</div>
    <div class="description">
      some specific text
    </div> <a class="back">
      ‚Üê some specific text
    </a>
  </div>
  <div class="footer">
    <div class="complete"></div>
    <div class="left"></div>
    <div class="spacer"></div>
    <div class="right"></div>
    <div class="complete"></div>
  </div>
</div>
`;
