// Jest Snapshot v1, https://goo.gl/fbAQLP

exports[`orgListItem.vue renders a snapshot 1`] = `<unnniccardcompany-stub tag="some specific text" joinlabel="some specific text" options="" members="" steps="1" names="" current="0"></unnniccardcompany-stub>`;
