// Vitest Snapshot v1, https://vitest.dev/guide/snapshot.html

exports[`orgPermissions.vue > renders a snapshot 1`] = `
VueWrapper {
  "_emitted": {},
  "_emittedByOrder": [],
  "isFunctionalComponent": undefined,
}
`;

exports[`orgPermissions.vue renders a snapshot 1`] = `
<div class="weni-org-permissions">
  <div style="display: flex; flex-direction: column; flex: 1;">
    <div class="group">
      <unnnicinputnext-stub value="" label="some specific text" size="md" type="normal" nativetype="text" placeholder="some specific text"></unnnicinputnext-stub>
      <div class="multiSelect">
        <orguserroleselect-stub type="input" value="3" class=""></orguserroleselect-stub>
      </div>
      <unnnicbutton-stub size="large" type="primary" disabled="true" class="" style="flex: 1; min-width: 8rem;">
        some specific text
      </unnnicbutton-stub>
    </div>
    <div class="users">
      <infiniteloading-stub></infiniteloading-stub>
    </div>
  </div>
</div>
`;
