// Vitest Snapshot v1, https://vitest.dev/guide/snapshot.html

exports[`news.vue > renders a snapshot 1`] = `
<div
  class="weni-news"
  data-v-9a75ab8d=""
>
  <div
    class="weni-news__content"
    data-v-9a75ab8d=""
  >
    <div
      class="weni-news__content__text"
      data-v-9a75ab8d=""
    >
      <h2
        data-v-9a75ab8d=""
      >
        <span
          data-v-9a75ab8d=""
        >
          All in one place
        </span>
      </h2>
      <p
        data-v-9a75ab8d=""
      >
        You can create bots with artificial inteligence and integrate them to your communication systems.
      </p>
    </div>
    <div
      class="weni-news__content__text"
      data-v-9a75ab8d=""
      style="display: none;"
    >
      <h2
        data-v-9a75ab8d=""
      >
        Go to Flows â†’
      </h2>
      <p
        data-v-9a75ab8d=""
      >
        In 
        <b>
          Flows
        </b>
         you can create bots, manage conversation flows and set your custom contact settngs.
      </p>
    </div>
  </div>
  <div
    class="weni-news__controls"
    data-v-9a75ab8d=""
  >
    <div
      class="weni-news__indicator__wrapper"
      data-v-9a75ab8d=""
    >
      
      <div
        class="weni-news__indicator weni-news__indicator--active"
        data-v-9a75ab8d=""
      />
      <div
        class="weni-news__indicator"
        data-v-9a75ab8d=""
      />
      <div
        class="weni-news__indicator"
        data-v-9a75ab8d=""
      />
      <div
        class="weni-news__indicator"
        data-v-9a75ab8d=""
      />
      
    </div>
  </div>
</div>
`;
