// Vitest Snapshot v1, https://vitest.dev/guide/snapshot.html

exports[`status.vue > renders a snapshot 1`] = `
<div
  class="weni-status"
>
  
  
</div>
`;
