// Vitest Snapshot v1, https://vitest.dev/guide/snapshot.html

exports[`NewInfiniteLoading.vue > renders correctly 1`] = `<div />`;
