// Vitest Snapshot v1, https://vitest.dev/guide/snapshot.html

exports[`Card.vue > renders a snapshot 1`] = `
<div
  class="billing-card billing-card--trial"
  data-v-eb7c1122=""
>
  <!---->
  <h1
    class="billing-card__title"
    data-v-eb7c1122=""
  >
     some specific text 
  </h1>
  <div
    class="description"
    data-v-eb7c1122=""
  >
     some specific text 
  </div>
  <!---->
  <ul
    class="billing-list-beneficits"
    data-v-eb7c1122=""
  >
    <li
      class="billing-list-beneficits__item"
      data-v-eb7c1122=""
    >
      <unnniciconsvg
        data-v-eb7c1122=""
        icon="check-2"
        scheme="auto"
        size="sm"
      />
      <span
        class="billing-list-beneficits__item__title"
        data-v-eb7c1122=""
      >
         some specific text 
      </span>
    </li>
    <li
      class="billing-list-beneficits__item"
      data-v-eb7c1122=""
    >
      <unnniciconsvg
        data-v-eb7c1122=""
        icon="check-2"
        scheme="auto"
        size="sm"
      />
      <span
        class="billing-list-beneficits__item__title"
        data-v-eb7c1122=""
      >
         some specific text 
      </span>
    </li>
    <li
      class="billing-list-beneficits__item"
      data-v-eb7c1122=""
    >
      <unnniciconsvg
        data-v-eb7c1122=""
        icon="check-2"
        scheme="auto"
        size="sm"
      />
      <span
        class="billing-list-beneficits__item__title"
        data-v-eb7c1122=""
      >
         some specific text 
      </span>
    </li>
  </ul>
  <div
    class="billing-price footer"
    data-v-eb7c1122=""
  >
    <div
      data-v-eb7c1122=""
    >
      <span
        class="billing-price__currency"
        data-v-eb7c1122=""
      >
        R$Â 
      </span>
      <span
        class="billing-price__price"
        data-v-eb7c1122=""
      >
         0 
      </span>
    </div>
    <p
      class="billing-price__info"
      data-v-eb7c1122=""
    >
       some specific text 
      <span
        class="billing-price__info__hightlight"
        data-v-eb7c1122=""
      >
        <unnnictooltip
          data-v-eb7c1122=""
          enabled="enabled"
          maxwidth="280px"
          side="bottom"
          text="some specific text"
        >
           100  some specific text 
        </unnnictooltip>
      </span>
    </p>
  </div>
  <div
    class="billing-buttons"
    data-v-eb7c1122=""
  >
    <div
      class="buttons"
      data-v-eb7c1122=""
    >
      <unnnicbutton
        class="select-plan-button"
        data-v-eb7c1122=""
        type="primary"
      >
         some specific text 
      </unnnicbutton>
    </div>
  </div>
  <div
    class="show-more"
    data-v-eb7c1122=""
  >
    <unnnicicon
      data-v-eb7c1122=""
      icon="arrow-button-down-1"
      scheme="neutral-dark"
      size="xs"
    />
     some specific text 
  </div>
  <!---->
  <!---->
  <!---->
</div>
`;
