// Jest Snapshot v1, https://goo.gl/fbAQLP

exports[`WarningMaxActiveContacts.vue renders a snapshot 1`] = `
<div ranges="">
  <!---->
</div>
`;
